// Jest Snapshot v1, https://goo.gl/fbAQLP

exports[`<Radio /> should render with label (white) 1`] = `
.emotion-0 {
  display: -webkit-box;
  display: -webkit-flex;
  display: -ms-flexbox;
  display: flex;
  -webkit-align-items: center;
  -webkit-box-align: center;
  -ms-flex-align: center;
  align-items: center;
}

.emotion-2 {
  display: -webkit-box;
  display: -webkit-flex;
  display: -ms-flexbox;
  display: flex;
  -webkit-align-items: center;
  -webkit-box-align: center;
  -ms-flex-align: center;
  align-items: center;
  -webkit-box-pack: center;
  -ms-flex-pack: center;
  -webkit-justify-content: center;
  justify-content: center;
  width: 1.8rem;
  height: 1.8rem;
  cursor: pointer;
  background: transparent;
  border: 0.2rem solid #F231A5;
  border-radius: 50%;
  outline: none;
  -webkit-transition: background 0.1s ease-in-out;
  transition: background 0.1s ease-in-out;
  -webkit-appearance: none;
  -moz-appearance: none;
  -ms-appearance: none;
  appearance: none;
}

.emotion-2::before {
  position: absolute;
  width: 0.8rem;
  height: 0.8rem;
  content: '';
  background: #F231A5;
  border-radius: 50%;
  opacity: 0;
  -webkit-transition: opacity 0.1s ease-in-out;
  transition: opacity 0.1s ease-in-out;
  -webkit-transform: rotate(45deg);
  -moz-transform: rotate(45deg);
  -ms-transform: rotate(45deg);
  transform: rotate(45deg);
}

.emotion-2:focus {
  box-shadow: 0 0 0.5rem #F231A5;
}

.emotion-2:checked::before {
  opacity: 1;
}

.emotion-4 {
  padding-left: 0.8rem;
  line-height: 1;
  color: #FAFAFA;
  cursor: pointer;
}

<div
  class="emotion-0 emotion-1"
>
  <input
    class="emotion-2 emotion-3"
    id="check"
    type="radio"
    value="anyValue"
  />
  <label
    class="emotion-4 emotion-5"
    for="check"
  >
    Radio
  </label>
</div>
`;
